bringing up nodes...
bringing up nodes...

........................................................................ [  2%]
........................................................................ [  4%]
........................................................................ [  6%]
........................................................................ [  9%]
........................................................................ [ 11%]
........................................................................ [ 13%]
....................................................................sss. [ 15%]
s....................................................................... [ 18%]
.....s.................................................................. [ 20%]
........................................................................ [ 22%]
.........................s.............................................. [ 24%]
........................................................................ [ 27%]
........................................................................ [ 29%]
........................................................................ [ 31%]
.............sss.sssssssss.s.....ss..................................... [ 34%]
........................................................................ [ 36%]
........................................................................ [ 38%]
...........s.s...sssss..........................................s..s.... [ 40%]
...................s.................................................... [ 43%]
................................................s....................... [ 45%]
.....s...............................sss................................ [ 47%]
............................ss.ssss.s.......s........................... [ 49%]
........................................................................ [ 52%]
........................................................................ [ 54%]
........................................................................ [ 56%]
........................................................................ [ 59%]
...s......s............................................................. [ 61%]
........................................................................ [ 63%]
........................................................................ [ 65%]
...........................s.................................s.......... [ 68%]
.....ss................................................................. [ 70%]
...............................................s........................ [ 72%]
........................................................................ [ 74%]
.......s................................................................ [ 77%]
........................................................................ [ 79%]
.....s.................................................................. [ 81%]
........................................................................ [ 84%]
........................................................................ [ 86%]
........................................................................ [ 88%]
........................................................................ [ 90%]
........................................................................ [ 93%]
........................................................................ [ 95%]
............s........................................................... [ 97%]
........................ss.s..s......................................... [ 99%]
...                                                                      [100%]
================================ tests coverage ================================
_______________ coverage: platform darwin, python 3.14.7-final-0 _______________

Coverage JSON written to file ../cov1076.json
3113 passed, 58 skipped in 53.80s
